// Jest Snapshot v1, https://goo.gl/fbAQLP

exports[`ErrorBoundary takes a snapshot 1`] = `
<DocumentFragment>
  <div
    data-testid="ErrorBoundary"
  />
</DocumentFragment>
`;
