// Jest Snapshot v1, https://goo.gl/fbAQLP

exports[`Loading Component takes a snapshot 1`] = `
<DocumentFragment>
  <div
    class="loading"
    data-testid="loading"
  >
    Loading Component ...
  </div>
</DocumentFragment>
`;
